// Jest Snapshot v1, https://goo.gl/fbAQLP

exports[`pruebas en el <CounterApp/>  debe mostrar <CounterApp/> correctamente 1`] = `ShallowWrapper {}`;
