// Jest Snapshot v1, https://goo.gl/fbAQLP

exports[`Pruebas <GridGifItem/>  debe mostrar el componente correctamente 1`] = `
<div
  className="card animate__animated animate__fadeIn"
>
  <img
    alt="sdffsdf"
    src="afasd"
  />
  <p>
    sdffsdf
  </p>
</div>
`;
